{"env":"dev","ip":"::1","level":"info","message":"Incoming request","method":"GET","path":"/api/products","requestId":"c3d2ed08-7ebb-442b-92c6-a2ceccdf4179","service":"electronics-backend","timestamp":"2026-05-06 11:05:57.527"}
{"duration":"1489 ms","env":"dev","level":"info","message":"Request completed","path":"/api/products/","requestId":"c3d2ed08-7ebb-442b-92c6-a2ceccdf4179","service":"electronics-backend","statusCode":200,"timestamp":"2026-05-06 11:05:59.015"}
{"duration":"1489 ms","env":"dev","level":"warn","message":"Slow request","path":"/api/products/","service":"electronics-backend","timestamp":"2026-05-06 11:05:59.016"}
{"env":"dev","ip":"::1","level":"info","message":"Incoming request","method":"GET","path":"/api/products/69ce22e6dbcb43e1399be1c8","requestId":"139a4613-5671-4efd-b6b6-1a958341f497","service":"electronics-backend","timestamp":"2026-05-06 11:06:40.888"}
{"duration":"627 ms","env":"dev","level":"info","message":"Request completed","path":"/api/products/69ce22e6dbcb43e1399be1c8","requestId":"139a4613-5671-4efd-b6b6-1a958341f497","service":"electronics-backend","statusCode":200,"timestamp":"2026-05-06 11:06:41.515"}
{"env":"dev","ip":"::1","level":"info","message":"Incoming request","method":"GET","path":"/api/products/69ce22e6dbcb43e1399be1c8","requestId":"295da1e7-8827-4c6d-bfac-1c706d380079","service":"electronics-backend","timestamp":"2026-05-06 11:07:39.708"}
{"duration":"656 ms","env":"dev","level":"info","message":"Request completed","path":"/api/products/69ce22e6dbcb43e1399be1c8","requestId":"295da1e7-8827-4c6d-bfac-1c706d380079","service":"electronics-backend","statusCode":200,"timestamp":"2026-05-06 11:07:40.363"}
{"env":"dev","level":"error","message":"Unhandled Rejection","reason":{"cause":{"commonWireVersion":0,"compatible":true,"heartbeatFrequencyMS":10000,"localThresholdMS":15,"logicalSessionTimeoutMinutes":null,"maxElectionId":null,"maxSetVersion":null,"servers":{"whisky-shard-00-00.1fr22.mongodb.net:27017":{"$clusterTime":null,"address":"whisky-shard-00-00.1fr22.mongodb.net:27017","arbiters":[],"electionId":null,"error":{"beforeHandshake":false,"errorLabelSet":{}},"hosts":[],"iscryptd":false,"lastUpdateTime":125977868,"lastWriteDate":0,"logicalSessionTimeoutMinutes":null,"maxBsonObjectSize":null,"maxMessageSizeBytes":null,"maxWireVersion":0,"maxWriteBatchSize":null,"me":null,"minRoundTripTime":0,"minWireVersion":0,"passives":[],"primary":null,"roundTripTime":-1,"setName":null,"setVersion":null,"tags":{},"topologyVersion":null,"type":"Unknown"},"whisky-shard-00-01.1fr22.mongodb.net:27017":{"$clusterTime":null,"address":"whisky-shard-00-01.1fr22.mongodb.net:27017","arbiters":[],"electionId":null,"error":{"beforeHandshake":false,"errorLabelSet":{}},"hosts":[],"iscryptd":false,"lastUpdateTime":125977868,"lastWriteDate":0,"logicalSessionTimeoutMinutes":null,"maxBsonObjectSize":null,"maxMessageSizeBytes":null,"maxWireVersion":0,"maxWriteBatchSize":null,"me":null,"minRoundTripTime":0,"minWireVersion":0,"passives":[],"primary":null,"roundTripTime":-1,"setName":null,"setVersion":null,"tags":{},"topologyVersion":null,"type":"Unknown"},"whisky-shard-00-02.1fr22.mongodb.net:27017":{"$clusterTime":null,"address":"whisky-shard-00-02.1fr22.mongodb.net:27017","arbiters":[],"electionId":null,"error":{"beforeHandshake":false,"errorLabelSet":{}},"hosts":[],"iscryptd":false,"lastUpdateTime":125977869,"lastWriteDate":0,"logicalSessionTimeoutMinutes":null,"maxBsonObjectSize":null,"maxMessageSizeBytes":null,"maxWireVersion":0,"maxWriteBatchSize":null,"me":null,"minRoundTripTime":0,"minWireVersion":0,"passives":[],"primary":null,"roundTripTime":-1,"setName":null,"setVersion":null,"tags":{},"topologyVersion":null,"type":"Unknown"}},"setName":"atlas-i1mjxn-shard-0","stale":false,"type":"ReplicaSetNoPrimary"},"errorLabelSet":{},"message":"Could not connect to any servers in your MongoDB Atlas cluster. One common reason is that you're trying to access the database from an IP that isn't whitelisted. Make sure your current IP address is on your Atlas cluster's IP whitelist: https://www.mongodb.com/docs/atlas/security-whitelist/","reason":{"commonWireVersion":0,"compatible":true,"heartbeatFrequencyMS":10000,"localThresholdMS":15,"logicalSessionTimeoutMinutes":null,"maxElectionId":null,"maxSetVersion":null,"servers":{"whisky-shard-00-00.1fr22.mongodb.net:27017":{"$clusterTime":null,"address":"whisky-shard-00-00.1fr22.mongodb.net:27017","arbiters":[],"electionId":null,"error":{"beforeHandshake":false,"errorLabelSet":{}},"hosts":[],"iscryptd":false,"lastUpdateTime":125977868,"lastWriteDate":0,"logicalSessionTimeoutMinutes":null,"maxBsonObjectSize":null,"maxMessageSizeBytes":null,"maxWireVersion":0,"maxWriteBatchSize":null,"me":null,"minRoundTripTime":0,"minWireVersion":0,"passives":[],"primary":null,"roundTripTime":-1,"setName":null,"setVersion":null,"tags":{},"topologyVersion":null,"type":"Unknown"},"whisky-shard-00-01.1fr22.mongodb.net:27017":{"$clusterTime":null,"address":"whisky-shard-00-01.1fr22.mongodb.net:27017","arbiters":[],"electionId":null,"error":{"beforeHandshake":false,"errorLabelSet":{}},"hosts":[],"iscryptd":false,"lastUpdateTime":125977868,"lastWriteDate":0,"logicalSessionTimeoutMinutes":null,"maxBsonObjectSize":null,"maxMessageSizeBytes":null,"maxWireVersion":0,"maxWriteBatchSize":null,"me":null,"minRoundTripTime":0,"minWireVersion":0,"passives":[],"primary":null,"roundTripTime":-1,"setName":null,"setVersion":null,"tags":{},"topologyVersion":null,"type":"Unknown"},"whisky-shard-00-02.1fr22.mongodb.net:27017":{"$clusterTime":null,"address":"whisky-shard-00-02.1fr22.mongodb.net:27017","arbiters":[],"electionId":null,"error":{"beforeHandshake":false,"errorLabelSet":{}},"hosts":[],"iscryptd":false,"lastUpdateTime":125977869,"lastWriteDate":0,"logicalSessionTimeoutMinutes":null,"maxBsonObjectSize":null,"maxMessageSizeBytes":null,"maxWireVersion":0,"maxWriteBatchSize":null,"me":null,"minRoundTripTime":0,"minWireVersion":0,"passives":[],"primary":null,"roundTripTime":-1,"setName":null,"setVersion":null,"tags":{},"topologyVersion":null,"type":"Unknown"}},"setName":"atlas-i1mjxn-shard-0","stale":false,"type":"ReplicaSetNoPrimary"}},"service":"electronics-backend","timestamp":"2026-05-06 15:55:03.703"}
{"env":"dev","ip":"::1","level":"info","message":"Incoming request","method":"GET","path":"/api/products/69ce22e6dbcb43e1399be1c8","requestId":"5d2af462-ab57-4df5-882d-132f931d9984","service":"electronics-backend","timestamp":"2026-05-06 15:56:43.213"}
{"duration":"626 ms","env":"dev","level":"info","message":"Request completed","path":"/api/products/69ce22e6dbcb43e1399be1c8","requestId":"5d2af462-ab57-4df5-882d-132f931d9984","service":"electronics-backend","statusCode":200,"timestamp":"2026-05-06 15:56:43.839"}
{"env":"dev","ip":"::1","level":"info","message":"Incoming request","method":"GET","path":"/api/products/69ce22e6dbcb43e1399be1c8","requestId":"11e42f4c-4227-4a74-beea-e9976899854e","service":"electronics-backend","timestamp":"2026-05-06 15:57:26.442"}
{"duration":"1025 ms","env":"dev","level":"info","message":"Request completed","path":"/api/products/69ce22e6dbcb43e1399be1c8","requestId":"11e42f4c-4227-4a74-beea-e9976899854e","service":"electronics-backend","statusCode":200,"timestamp":"2026-05-06 15:57:27.467"}
{"duration":"1025 ms","env":"dev","level":"warn","message":"Slow request","path":"/api/products/69ce22e6dbcb43e1399be1c8","service":"electronics-backend","timestamp":"2026-05-06 15:57:27.469"}
{"env":"dev","ip":"::1","level":"info","message":"Incoming request","method":"GET","path":"/api/products/69ce22e6dbcb43e1399be1c8","requestId":"bf490135-eceb-4a12-87ce-6e6ec3bce819","service":"electronics-backend","timestamp":"2026-05-06 16:06:48.831"}
{"duration":"1098 ms","env":"dev","level":"info","message":"Request completed","path":"/api/products/69ce22e6dbcb43e1399be1c8","requestId":"bf490135-eceb-4a12-87ce-6e6ec3bce819","service":"electronics-backend","statusCode":200,"timestamp":"2026-05-06 16:06:49.927"}
{"duration":"1098 ms","env":"dev","level":"warn","message":"Slow request","path":"/api/products/69ce22e6dbcb43e1399be1c8","service":"electronics-backend","timestamp":"2026-05-06 16:06:49.928"}
{"env":"dev","ip":"::1","level":"info","message":"Incoming request","method":"GET","path":"/api/products/69ce22e6dbcb43e1399be1c8","requestId":"aea5c6a5-0d3f-4c92-94c3-3c0b8beb37b6","service":"electronics-backend","timestamp":"2026-05-06 16:10:38.767"}
{"duration":"663 ms","env":"dev","level":"info","message":"Request completed","path":"/api/products/69ce22e6dbcb43e1399be1c8","requestId":"aea5c6a5-0d3f-4c92-94c3-3c0b8beb37b6","service":"electronics-backend","statusCode":200,"timestamp":"2026-05-06 16:10:39.429"}
{"env":"dev","ip":"::1","level":"info","message":"Incoming request","method":"GET","path":"/api/products/69ce22e6dbcb43e1399be1c8","requestId":"707aed88-4729-40da-a60a-f0552f165152","service":"electronics-backend","timestamp":"2026-05-06 16:17:27.125"}
{"duration":"632 ms","env":"dev","level":"info","message":"Request completed","path":"/api/products/69ce22e6dbcb43e1399be1c8","requestId":"707aed88-4729-40da-a60a-f0552f165152","service":"electronics-backend","statusCode":200,"timestamp":"2026-05-06 16:17:27.756"}
{"env":"dev","ip":"::1","level":"info","message":"Incoming request","method":"GET","path":"/api/products/69ce22e6dbcb43e1399be1c8","requestId":"88b75cea-c72a-4e0a-9d58-0807873e2fa3","service":"electronics-backend","timestamp":"2026-05-06 16:18:08.666"}
{"duration":"659 ms","env":"dev","level":"info","message":"Request completed","path":"/api/products/69ce22e6dbcb43e1399be1c8","requestId":"88b75cea-c72a-4e0a-9d58-0807873e2fa3","service":"electronics-backend","statusCode":200,"timestamp":"2026-05-06 16:18:09.324"}
{"env":"dev","ip":"::1","level":"info","message":"Incoming request","method":"GET","path":"/api/products/69ce22e6dbcb43e1399be1c8","requestId":"4b2326ae-0b9a-4ed6-a457-61933b4a7d27","service":"electronics-backend","timestamp":"2026-05-06 16:19:33.291"}
{"duration":"599 ms","env":"dev","level":"info","message":"Request completed","path":"/api/products/69ce22e6dbcb43e1399be1c8","requestId":"4b2326ae-0b9a-4ed6-a457-61933b4a7d27","service":"electronics-backend","statusCode":200,"timestamp":"2026-05-06 16:19:33.890"}
{"env":"dev","ip":"::1","level":"info","message":"Incoming request","method":"GET","path":"/api/products/69ce22e6dbcb43e1399be1c8","requestId":"66457856-0219-44cf-819e-5aae9c635373","service":"electronics-backend","timestamp":"2026-05-06 16:19:44.174"}
{"duration":"600 ms","env":"dev","level":"info","message":"Request completed","path":"/api/products/69ce22e6dbcb43e1399be1c8","requestId":"66457856-0219-44cf-819e-5aae9c635373","service":"electronics-backend","statusCode":200,"timestamp":"2026-05-06 16:19:44.774"}
{"env":"dev","ip":"::1","level":"info","message":"Incoming request","method":"GET","path":"/api/products/69ce22e6dbcb43e1399be1c8","requestId":"fa1364f7-e287-40fa-9088-21a25737c671","service":"electronics-backend","timestamp":"2026-05-06 16:24:15.123"}
{"duration":"604 ms","env":"dev","level":"info","message":"Request completed","path":"/api/products/69ce22e6dbcb43e1399be1c8","requestId":"fa1364f7-e287-40fa-9088-21a25737c671","service":"electronics-backend","statusCode":200,"timestamp":"2026-05-06 16:24:15.726"}
{"env":"dev","ip":"::1","level":"info","message":"Incoming request","method":"GET","path":"/api/products/69ce22e6dbcb43e1399be1c8","requestId":"06beb70b-f2af-4fb6-9e65-c544654c26c0","service":"electronics-backend","timestamp":"2026-05-06 16:24:21.915"}
{"duration":"602 ms","env":"dev","level":"info","message":"Request completed","path":"/api/products/69ce22e6dbcb43e1399be1c8","requestId":"06beb70b-f2af-4fb6-9e65-c544654c26c0","service":"electronics-backend","statusCode":200,"timestamp":"2026-05-06 16:24:22.517"}
{"env":"dev","ip":"::1","level":"info","message":"Incoming request","method":"GET","path":"/api/products/69ce22e6dbcb43e1399be1c8","requestId":"26bdfe7f-40b4-4acb-b986-208d671b1b93","service":"electronics-backend","timestamp":"2026-05-06 16:24:24.407"}
{"duration":"576 ms","env":"dev","level":"info","message":"Request completed","path":"/api/products/69ce22e6dbcb43e1399be1c8","requestId":"26bdfe7f-40b4-4acb-b986-208d671b1b93","service":"electronics-backend","statusCode":200,"timestamp":"2026-05-06 16:24:24.983"}
{"env":"dev","ip":"::1","level":"info","message":"Incoming request","method":"GET","path":"/api/products/69ce22e6dbcb43e1399be1c8","requestId":"fffb1ac0-e835-4ed3-b6eb-5d6ce9450b49","service":"electronics-backend","timestamp":"2026-05-06 16:24:27.071"}
{"duration":"586 ms","env":"dev","level":"info","message":"Request completed","path":"/api/products/69ce22e6dbcb43e1399be1c8","requestId":"fffb1ac0-e835-4ed3-b6eb-5d6ce9450b49","service":"electronics-backend","statusCode":200,"timestamp":"2026-05-06 16:24:27.657"}
{"env":"dev","ip":"::1","level":"info","message":"Incoming request","method":"GET","path":"/api/products/69ce22e6dbcb43e1399be1c8","requestId":"a0ab9e5b-33a5-4669-95d9-a013cf1ef59b","service":"electronics-backend","timestamp":"2026-05-06 16:25:36.598"}
{"duration":"630 ms","env":"dev","level":"info","message":"Request completed","path":"/api/products/69ce22e6dbcb43e1399be1c8","requestId":"a0ab9e5b-33a5-4669-95d9-a013cf1ef59b","service":"electronics-backend","statusCode":200,"timestamp":"2026-05-06 16:25:37.226"}
{"env":"dev","ip":"::1","level":"info","message":"Incoming request","method":"GET","path":"/api/products/69ce22e6dbcb43e1399be1c8","requestId":"87e6556a-8308-4b44-8eb1-b4599595357c","service":"electronics-backend","timestamp":"2026-05-06 16:25:59.313"}
{"duration":"653 ms","env":"dev","level":"info","message":"Request completed","path":"/api/products/69ce22e6dbcb43e1399be1c8","requestId":"87e6556a-8308-4b44-8eb1-b4599595357c","service":"electronics-backend","statusCode":200,"timestamp":"2026-05-06 16:25:59.965"}
{"env":"dev","ip":"::1","level":"info","message":"Incoming request","method":"GET","path":"/api/products/69ce22e6dbcb43e1399be1c8","requestId":"1b6f3a3b-100a-4c79-a9af-9ca9148a6140","service":"electronics-backend","timestamp":"2026-05-06 16:26:07.016"}
{"duration":"592 ms","env":"dev","level":"info","message":"Request completed","path":"/api/products/69ce22e6dbcb43e1399be1c8","requestId":"1b6f3a3b-100a-4c79-a9af-9ca9148a6140","service":"electronics-backend","statusCode":200,"timestamp":"2026-05-06 16:26:07.608"}
{"env":"dev","ip":"::1","level":"info","message":"Incoming request","method":"GET","path":"/api/products/69ce22e6dbcb43e1399be1c8","requestId":"9cacb172-9318-4895-80a3-399f0699f777","service":"electronics-backend","timestamp":"2026-05-06 16:26:10.908"}
{"duration":"595 ms","env":"dev","level":"info","message":"Request completed","path":"/api/products/69ce22e6dbcb43e1399be1c8","requestId":"9cacb172-9318-4895-80a3-399f0699f777","service":"electronics-backend","statusCode":200,"timestamp":"2026-05-06 16:26:11.504"}
{"env":"dev","ip":"::1","level":"info","message":"Incoming request","method":"GET","path":"/api/products/69ce22e6dbcb43e1399be1c8","requestId":"3b355746-e0b0-431d-be4f-3ddf3d131d2f","service":"electronics-backend","timestamp":"2026-05-06 16:32:41.118"}
{"env":"dev","ip":"::1","level":"info","message":"Incoming request","method":"GET","path":"/api/products/69ce22e6dbcb43e1399be1c8","requestId":"0d680b7e-784c-45fd-9c39-43f3ffe41286","service":"electronics-backend","timestamp":"2026-05-06 16:33:13.114"}
{"env":"dev","ip":"::1","level":"info","message":"Incoming request","method":"GET","path":"/api/products/69ce22e6dbcb43e1399be1c8","requestId":"d1c03a97-aff2-482a-8534-288788547f21","service":"electronics-backend","timestamp":"2026-05-06 16:34:19.587"}
{"duration":"633 ms","env":"dev","level":"info","message":"Request completed","path":"/api/products/69ce22e6dbcb43e1399be1c8","requestId":"d1c03a97-aff2-482a-8534-288788547f21","service":"electronics-backend","statusCode":200,"timestamp":"2026-05-06 16:34:20.218"}
{"env":"dev","ip":"::1","level":"info","message":"Incoming request","method":"GET","path":"/api/products/69ce22e6dbcb43e1399be1c8","requestId":"54ef2894-88c1-4172-a96a-a8c9d9706934","service":"electronics-backend","timestamp":"2026-05-06 16:34:29.834"}
{"duration":"617 ms","env":"dev","level":"info","message":"Request completed","path":"/api/products/69ce22e6dbcb43e1399be1c8","requestId":"54ef2894-88c1-4172-a96a-a8c9d9706934","service":"electronics-backend","statusCode":200,"timestamp":"2026-05-06 16:34:30.451"}
{"env":"dev","ip":"::1","level":"info","message":"Incoming request","method":"GET","path":"/api/products/69ce22e6dbcb43e1399be1c8","requestId":"80288d75-a849-409a-9ed7-f77ea189d87b","service":"electronics-backend","timestamp":"2026-05-06 16:35:29.009"}
{"duration":"671 ms","env":"dev","level":"info","message":"Request completed","path":"/api/products/69ce22e6dbcb43e1399be1c8","requestId":"80288d75-a849-409a-9ed7-f77ea189d87b","service":"electronics-backend","statusCode":200,"timestamp":"2026-05-06 16:35:29.679"}
{"env":"dev","ip":"::1","level":"info","message":"Incoming request","method":"GET","path":"/api/products/69ce22e6dbcb43e1399be1c8","requestId":"f3349134-b1fd-4387-9c4e-1a0b24c79616","service":"electronics-backend","timestamp":"2026-05-06 16:35:32.696"}
{"duration":"580 ms","env":"dev","level":"info","message":"Request completed","path":"/api/products/69ce22e6dbcb43e1399be1c8","requestId":"f3349134-b1fd-4387-9c4e-1a0b24c79616","service":"electronics-backend","statusCode":200,"timestamp":"2026-05-06 16:35:33.277"}
{"env":"dev","ip":"::1","level":"info","message":"Incoming request","method":"GET","path":"/api/products/69ce22e6dbcb43e1399be1c8","requestId":"b83f8bc7-6013-4e36-a889-a2488e3238bd","service":"electronics-backend","timestamp":"2026-05-06 16:35:47.810"}
{"duration":"572 ms","env":"dev","level":"info","message":"Request completed","path":"/api/products/69ce22e6dbcb43e1399be1c8","requestId":"b83f8bc7-6013-4e36-a889-a2488e3238bd","service":"electronics-backend","statusCode":200,"timestamp":"2026-05-06 16:35:48.382"}
{"env":"dev","ip":"::1","level":"info","message":"Incoming request","method":"GET","path":"/api/products/69ce22e6dbcb43e1399be1c8","requestId":"c5a518bb-cbe4-4c43-b4c1-9dd14054cb81","service":"electronics-backend","timestamp":"2026-05-06 16:47:19.020"}
{"duration":"2521 ms","env":"dev","level":"info","message":"Request completed","path":"/api/products/69ce22e6dbcb43e1399be1c8","requestId":"c5a518bb-cbe4-4c43-b4c1-9dd14054cb81","service":"electronics-backend","statusCode":200,"timestamp":"2026-05-06 16:47:21.540"}
{"duration":"2521 ms","env":"dev","level":"warn","message":"Slow request","path":"/api/products/69ce22e6dbcb43e1399be1c8","service":"electronics-backend","timestamp":"2026-05-06 16:47:21.541"}
{"env":"dev","ip":"::1","level":"info","message":"Incoming request","method":"GET","path":"/api/products/69ce22e6dbcb43e1399be1c8","requestId":"dd1b7fc5-86d8-48b4-97aa-df5e1b11cf09","service":"electronics-backend","timestamp":"2026-05-06 16:47:28.551"}
{"duration":"589 ms","env":"dev","level":"info","message":"Request completed","path":"/api/products/69ce22e6dbcb43e1399be1c8","requestId":"dd1b7fc5-86d8-48b4-97aa-df5e1b11cf09","service":"electronics-backend","statusCode":200,"timestamp":"2026-05-06 16:47:29.140"}
{"env":"dev","ip":"::1","level":"info","message":"Incoming request","method":"GET","path":"/api/products/69ce22e6dbcb43e1399be1c8","requestId":"d85c07d7-87dc-435c-b11b-23bf2e7bf299","service":"electronics-backend","timestamp":"2026-05-06 16:47:39.805"}
{"duration":"1029 ms","env":"dev","level":"info","message":"Request completed","path":"/api/products/69ce22e6dbcb43e1399be1c8","requestId":"d85c07d7-87dc-435c-b11b-23bf2e7bf299","service":"electronics-backend","statusCode":200,"timestamp":"2026-05-06 16:47:40.834"}
{"duration":"1029 ms","env":"dev","level":"warn","message":"Slow request","path":"/api/products/69ce22e6dbcb43e1399be1c8","service":"electronics-backend","timestamp":"2026-05-06 16:47:40.835"}
{"env":"dev","ip":"::1","level":"info","message":"Incoming request","method":"GET","path":"/api/products/69ce22e6dbcb43e1399be1c8","requestId":"5ef728ae-f591-4b7e-b7bf-129dc4a5dc40","service":"electronics-backend","timestamp":"2026-05-06 16:47:47.965"}
{"duration":"579 ms","env":"dev","level":"info","message":"Request completed","path":"/api/products/69ce22e6dbcb43e1399be1c8","requestId":"5ef728ae-f591-4b7e-b7bf-129dc4a5dc40","service":"electronics-backend","statusCode":200,"timestamp":"2026-05-06 16:47:48.544"}
{"env":"dev","ip":"::1","level":"info","message":"Incoming request","method":"GET","path":"/api/products/69ce22e6dbcb43e1399be1c8","requestId":"b398ff25-4617-4934-a8b1-c609559bf8a6","service":"electronics-backend","timestamp":"2026-05-06 16:47:50.743"}
{"duration":"1015 ms","env":"dev","level":"info","message":"Request completed","path":"/api/products/69ce22e6dbcb43e1399be1c8","requestId":"b398ff25-4617-4934-a8b1-c609559bf8a6","service":"electronics-backend","statusCode":200,"timestamp":"2026-05-06 16:47:51.758"}
{"duration":"1015 ms","env":"dev","level":"warn","message":"Slow request","path":"/api/products/69ce22e6dbcb43e1399be1c8","service":"electronics-backend","timestamp":"2026-05-06 16:47:51.758"}
{"env":"dev","ip":"::1","level":"info","message":"Incoming request","method":"GET","path":"/api/products/69ce22e6dbcb43e1399be1c8","requestId":"7dd62b56-6e36-40f0-b3f3-3e442b63dd12","service":"electronics-backend","timestamp":"2026-05-06 16:47:54.021"}
{"duration":"589 ms","env":"dev","level":"info","message":"Request completed","path":"/api/products/69ce22e6dbcb43e1399be1c8","requestId":"7dd62b56-6e36-40f0-b3f3-3e442b63dd12","service":"electronics-backend","statusCode":200,"timestamp":"2026-05-06 16:47:54.610"}
{"env":"dev","ip":"::1","level":"info","message":"Incoming request","method":"GET","path":"/api/products/69ce22e6dbcb43e1399be1c8","requestId":"e6bb7f71-3615-4d8d-b079-313dbe5dfa74","service":"electronics-backend","timestamp":"2026-05-06 16:47:57.443"}
{"duration":"587 ms","env":"dev","level":"info","message":"Request completed","path":"/api/products/69ce22e6dbcb43e1399be1c8","requestId":"e6bb7f71-3615-4d8d-b079-313dbe5dfa74","service":"electronics-backend","statusCode":200,"timestamp":"2026-05-06 16:47:58.030"}
{"env":"dev","ip":"::1","level":"info","message":"Incoming request","method":"GET","path":"/api/products/69ce22e6dbcb43e1399be1c8","requestId":"549e36da-dffb-476e-97e5-3af0035cf42e","service":"electronics-backend","timestamp":"2026-05-06 16:47:59.915"}
{"duration":"2103 ms","env":"dev","level":"info","message":"Request completed","path":"/api/products/69ce22e6dbcb43e1399be1c8","requestId":"549e36da-dffb-476e-97e5-3af0035cf42e","service":"electronics-backend","statusCode":200,"timestamp":"2026-05-06 16:48:02.018"}
{"duration":"2103 ms","env":"dev","level":"warn","message":"Slow request","path":"/api/products/69ce22e6dbcb43e1399be1c8","service":"electronics-backend","timestamp":"2026-05-06 16:48:02.018"}
{"env":"dev","ip":"::1","level":"info","message":"Incoming request","method":"GET","path":"/api/products/69ce22e6dbcb43e1399be1c8","requestId":"55d32299-f3fa-4472-9cfe-3efb5df145b2","service":"electronics-backend","timestamp":"2026-05-06 16:48:41.053"}
{"duration":"2043 ms","env":"dev","level":"info","message":"Request completed","path":"/api/products/69ce22e6dbcb43e1399be1c8","requestId":"55d32299-f3fa-4472-9cfe-3efb5df145b2","service":"electronics-backend","statusCode":200,"timestamp":"2026-05-06 16:48:43.095"}
{"duration":"2043 ms","env":"dev","level":"warn","message":"Slow request","path":"/api/products/69ce22e6dbcb43e1399be1c8","service":"electronics-backend","timestamp":"2026-05-06 16:48:43.096"}
{"env":"dev","ip":"::1","level":"info","message":"Incoming request","method":"GET","path":"/api/products/69ce22e6dbcb43e1399be1c8","requestId":"449eb789-41b3-44bc-a424-a59d5a848746","service":"electronics-backend","timestamp":"2026-05-06 16:48:45.737"}
{"duration":"598 ms","env":"dev","level":"info","message":"Request completed","path":"/api/products/69ce22e6dbcb43e1399be1c8","requestId":"449eb789-41b3-44bc-a424-a59d5a848746","service":"electronics-backend","statusCode":200,"timestamp":"2026-05-06 16:48:46.335"}
{"env":"dev","ip":"::1","level":"info","message":"Incoming request","method":"GET","path":"/api/products/69ce22e6dbcb43e1399be1c8","requestId":"1e6ae1b5-d8a3-43fe-994f-26c1a89cc521","service":"electronics-backend","timestamp":"2026-05-06 16:49:26.860"}
{"duration":"2006 ms","env":"dev","level":"info","message":"Request completed","path":"/api/products/69ce22e6dbcb43e1399be1c8","requestId":"1e6ae1b5-d8a3-43fe-994f-26c1a89cc521","service":"electronics-backend","statusCode":200,"timestamp":"2026-05-06 16:49:28.865"}
{"duration":"2006 ms","env":"dev","level":"warn","message":"Slow request","path":"/api/products/69ce22e6dbcb43e1399be1c8","service":"electronics-backend","timestamp":"2026-05-06 16:49:28.866"}
{"env":"dev","ip":"::1","level":"info","message":"Incoming request","method":"GET","path":"/api/products/69ce22e6dbcb43e1399be1c8","requestId":"60f34da0-67f9-4855-9ced-83c5c8a87c71","service":"electronics-backend","timestamp":"2026-05-06 16:49:30.464"}
{"duration":"596 ms","env":"dev","level":"info","message":"Request completed","path":"/api/products/69ce22e6dbcb43e1399be1c8","requestId":"60f34da0-67f9-4855-9ced-83c5c8a87c71","service":"electronics-backend","statusCode":200,"timestamp":"2026-05-06 16:49:31.060"}
{"env":"dev","ip":"::1","level":"info","message":"Incoming request","method":"GET","path":"/api/products/69ce22e6dbcb43e1399be1c8","requestId":"5c3c1776-e4b5-4524-a324-40e2cc191224","service":"electronics-backend","timestamp":"2026-05-06 16:49:33.094"}
{"duration":"593 ms","env":"dev","level":"info","message":"Request completed","path":"/api/products/69ce22e6dbcb43e1399be1c8","requestId":"5c3c1776-e4b5-4524-a324-40e2cc191224","service":"electronics-backend","statusCode":200,"timestamp":"2026-05-06 16:49:33.687"}
{"env":"dev","ip":"::1","level":"info","message":"Incoming request","method":"GET","path":"/api/products/69ce22e6dbcb43e1399be1c8","requestId":"0a8db6bd-9327-4995-988f-644fb2814f5b","service":"electronics-backend","timestamp":"2026-05-06 16:49:35.617"}
{"duration":"1447 ms","env":"dev","level":"info","message":"Request completed","path":"/api/products/69ce22e6dbcb43e1399be1c8","requestId":"0a8db6bd-9327-4995-988f-644fb2814f5b","service":"electronics-backend","statusCode":200,"timestamp":"2026-05-06 16:49:37.064"}
{"duration":"1447 ms","env":"dev","level":"warn","message":"Slow request","path":"/api/products/69ce22e6dbcb43e1399be1c8","service":"electronics-backend","timestamp":"2026-05-06 16:49:37.065"}
{"env":"dev","ip":"::1","level":"info","message":"Incoming request","method":"GET","path":"/api/products/69ce22e6dbcb43e1399be1c8","requestId":"dfed695a-2b28-423b-be57-64a4e566b249","service":"electronics-backend","timestamp":"2026-05-06 16:53:59.474"}
{"duration":"649 ms","env":"dev","level":"info","message":"Request completed","path":"/api/products/69ce22e6dbcb43e1399be1c8","requestId":"dfed695a-2b28-423b-be57-64a4e566b249","service":"electronics-backend","statusCode":200,"timestamp":"2026-05-06 16:54:00.123"}
{"env":"dev","ip":"::1","level":"info","message":"Incoming request","method":"GET","path":"/api/products/69ce22e6dbcb43e1399be1c8","requestId":"8f8ebdb4-0ac0-4134-ab30-259defe30276","service":"electronics-backend","timestamp":"2026-05-06 17:13:32.197"}
{"duration":"584 ms","env":"dev","level":"info","message":"Request completed","path":"/api/products/69ce22e6dbcb43e1399be1c8","requestId":"8f8ebdb4-0ac0-4134-ab30-259defe30276","service":"electronics-backend","statusCode":200,"timestamp":"2026-05-06 17:13:32.781"}
{"env":"dev","ip":"::1","level":"info","message":"Incoming request","method":"GET","path":"/api/admin/products/69ce22e6dbcb43e1399be1c8","requestId":"bb568b9a-4b9f-4a25-8d6a-6918080eaf77","service":"electronics-backend","timestamp":"2026-05-06 17:14:49.253"}
{"duration":"1 ms","env":"dev","level":"warn","message":"Request completed","path":"/api/admin/products/69ce22e6dbcb43e1399be1c8","requestId":"bb568b9a-4b9f-4a25-8d6a-6918080eaf77","service":"electronics-backend","statusCode":401,"timestamp":"2026-05-06 17:14:49.255"}
{"env":"dev","ip":"::1","level":"info","message":"Incoming request","method":"POST","path":"/api/auth/login","requestId":"0bf5c90f-0aeb-4d2a-906b-3cf41e5d8f0e","service":"electronics-backend","timestamp":"2026-05-06 17:17:14.858"}
{"duration":"189 ms","env":"dev","level":"warn","message":"Request completed","path":"/api/auth/login","requestId":"0bf5c90f-0aeb-4d2a-906b-3cf41e5d8f0e","service":"electronics-backend","statusCode":404,"timestamp":"2026-05-06 17:17:15.047"}
{"env":"dev","ip":"::1","level":"info","message":"Incoming request","method":"POST","path":"/api/auth/login","requestId":"bfc0aa5a-5a24-40e3-87ca-a52cce0b07f1","service":"electronics-backend","timestamp":"2026-05-06 17:17:22.310"}
{"duration":"187 ms","env":"dev","level":"warn","message":"Request completed","path":"/api/auth/login","requestId":"bfc0aa5a-5a24-40e3-87ca-a52cce0b07f1","service":"electronics-backend","statusCode":404,"timestamp":"2026-05-06 17:17:22.497"}
{"env":"dev","ip":"::1","level":"info","message":"Incoming request","method":"POST","path":"/api/auth/login","requestId":"058a32c6-f5b8-47a3-abf2-a44c8b1706d2","service":"electronics-backend","timestamp":"2026-05-06 17:19:01.532"}
{"duration":"305 ms","env":"dev","level":"info","message":"Request completed","path":"/api/auth/login","requestId":"058a32c6-f5b8-47a3-abf2-a44c8b1706d2","service":"electronics-backend","statusCode":200,"timestamp":"2026-05-06 17:19:01.837"}
{"env":"dev","ip":"::1","level":"info","message":"Incoming request","method":"GET","path":"/api/admin/products/69ce22e6dbcb43e1399be1c8","requestId":"591f4904-bcda-4e01-9de7-4628cf26c116","service":"electronics-backend","timestamp":"2026-05-06 17:19:27.021"}
{"duration":"759 ms","env":"dev","level":"info","message":"Request completed","path":"/api/admin/products/69ce22e6dbcb43e1399be1c8","requestId":"591f4904-bcda-4e01-9de7-4628cf26c116","service":"electronics-backend","statusCode":200,"timestamp":"2026-05-06 17:19:27.780"}
{"env":"dev","ip":"::1","level":"info","message":"Incoming request","method":"GET","path":"/api/admin/products/69ce22e6dbcb43e1399be1c8","requestId":"3395b6e8-dba8-4b69-86a8-c55d5bb5e86d","service":"electronics-backend","timestamp":"2026-05-06 19:12:11.028"}
{"duration":"2138 ms","env":"dev","level":"info","message":"Request completed","path":"/api/admin/products/69ce22e6dbcb43e1399be1c8","requestId":"3395b6e8-dba8-4b69-86a8-c55d5bb5e86d","service":"electronics-backend","statusCode":200,"timestamp":"2026-05-06 19:12:13.166"}
{"duration":"2138 ms","env":"dev","level":"warn","message":"Slow request","path":"/api/admin/products/69ce22e6dbcb43e1399be1c8","service":"electronics-backend","timestamp":"2026-05-06 19:12:13.167"}
{"env":"dev","ip":"::1","level":"info","message":"Incoming request","method":"GET","path":"/api/admin/products/69ce22e6dbcb43e1399be1c8","requestId":"a9d89591-59be-4c94-8805-617c7cb58bdc","service":"electronics-backend","timestamp":"2026-05-06 19:12:17.304"}
{"duration":"853 ms","env":"dev","level":"info","message":"Request completed","path":"/api/admin/products/69ce22e6dbcb43e1399be1c8","requestId":"a9d89591-59be-4c94-8805-617c7cb58bdc","service":"electronics-backend","statusCode":200,"timestamp":"2026-05-06 19:12:18.157"}
{"env":"dev","ip":"::1","level":"info","message":"Incoming request","method":"GET","path":"/api/admin/products/69ce22e6dbcb43e1399be1c8","requestId":"1d2bea60-c75b-41dd-8401-0e9be0d2d616","service":"electronics-backend","timestamp":"2026-05-06 19:24:30.404"}
{"duration":"1003 ms","env":"dev","level":"info","message":"Request completed","path":"/api/admin/products/69ce22e6dbcb43e1399be1c8","requestId":"1d2bea60-c75b-41dd-8401-0e9be0d2d616","service":"electronics-backend","statusCode":200,"timestamp":"2026-05-06 19:24:31.407"}
{"duration":"1003 ms","env":"dev","level":"warn","message":"Slow request","path":"/api/admin/products/69ce22e6dbcb43e1399be1c8","service":"electronics-backend","timestamp":"2026-05-06 19:24:31.408"}
{"env":"dev","ip":"::1","level":"info","message":"Incoming request","method":"GET","path":"/api/products","requestId":"272d19bd-9698-40d7-beed-2f00993c9855","service":"electronics-backend","timestamp":"2026-05-06 19:50:06.773"}
{"duration":"1566 ms","env":"dev","level":"info","message":"Request completed","path":"/api/products/","requestId":"272d19bd-9698-40d7-beed-2f00993c9855","service":"electronics-backend","statusCode":200,"timestamp":"2026-05-06 19:50:08.337"}
{"duration":"1566 ms","env":"dev","level":"warn","message":"Slow request","path":"/api/products/","service":"electronics-backend","timestamp":"2026-05-06 19:50:08.338"}
{"env":"dev","ip":"::1","level":"info","message":"Incoming request","method":"GET","path":"/api/products/69ce22e6dbcb43e1399be1c8","requestId":"1908e3f1-fbbb-4008-9883-af5fefc58739","service":"electronics-backend","timestamp":"2026-05-06 19:50:20.651"}
{"duration":"1066 ms","env":"dev","level":"info","message":"Request completed","path":"/api/products/69ce22e6dbcb43e1399be1c8","requestId":"1908e3f1-fbbb-4008-9883-af5fefc58739","service":"electronics-backend","statusCode":200,"timestamp":"2026-05-06 19:50:21.717"}
{"duration":"1066 ms","env":"dev","level":"warn","message":"Slow request","path":"/api/products/69ce22e6dbcb43e1399be1c8","service":"electronics-backend","timestamp":"2026-05-06 19:50:21.718"}
{"env":"dev","ip":"::1","level":"info","message":"Incoming request","method":"POST","path":"/api/reviews","requestId":"a9af5759-907f-49be-bcdb-6a996477710c","service":"electronics-backend","timestamp":"2026-05-06 19:52:02.339"}
{"env":"dev","errorCode":"INVALID_FORMAT","ip":"::1","level":"warn","message":"Operational Error","method":"POST","path":"/api/reviews","requestId":"a9af5759-907f-49be-bcdb-6a996477710c","service":"electronics-backend","timestamp":"2026-05-06 19:52:02.820","user":"69993d8bb04710785ae805cc"}
{"duration":"482 ms","env":"dev","level":"warn","message":"Request completed","path":"/api/reviews","requestId":"a9af5759-907f-49be-bcdb-6a996477710c","service":"electronics-backend","statusCode":400,"timestamp":"2026-05-06 19:52:02.821"}
{"env":"dev","ip":"::1","level":"info","message":"Incoming request","method":"POST","path":"/api/reviews","requestId":"e2a97671-d2f2-4a87-993e-64b3f79c08e4","service":"electronics-backend","timestamp":"2026-05-06 19:52:37.227"}
{"env":"dev","level":"error","message":"Cannot read properties of undefined (reading 'media1')","method":"POST","path":"/api/reviews","requestId":"e2a97671-d2f2-4a87-993e-64b3f79c08e4","service":"electronics-backend","stack":"TypeError: Cannot read properties of undefined (reading 'media1')\n    at createReview (file:///D:/code/e-commerce-website/backend/controllers/review.controller.js:41:30)\n    at process.processTicksAndRejections (node:internal/process/task_queues:104:5)","timestamp":"2026-05-06 19:52:37.661"}
{"duration":"435 ms","env":"dev","level":"warn","message":"Request completed","path":"/api/reviews","requestId":"e2a97671-d2f2-4a87-993e-64b3f79c08e4","service":"electronics-backend","statusCode":500,"timestamp":"2026-05-06 19:52:37.662"}
{"env":"dev","ip":"::1","level":"info","message":"Incoming request","method":"POST","path":"/api/reviews","requestId":"81c3e169-c6aa-4954-bd97-4f116388b35e","service":"electronics-backend","timestamp":"2026-05-06 19:54:49.731"}
{"duration":"1068 ms","env":"dev","level":"info","message":"Request completed","path":"/api/reviews/","requestId":"81c3e169-c6aa-4954-bd97-4f116388b35e","service":"electronics-backend","statusCode":201,"timestamp":"2026-05-06 19:54:50.799"}
{"duration":"1068 ms","env":"dev","level":"warn","message":"Slow request","path":"/api/reviews/","service":"electronics-backend","timestamp":"2026-05-06 19:54:50.800"}
{"env":"dev","ip":"::1","level":"info","message":"Incoming request","method":"GET","path":"/api/products/69ce22e6dbcb43e1399be1c8","requestId":"9eee769b-436c-4e5e-ae2b-1d9a6cfd606b","service":"electronics-backend","timestamp":"2026-05-06 19:55:16.318"}
{"duration":"659 ms","env":"dev","level":"info","message":"Request completed","path":"/api/products/69ce22e6dbcb43e1399be1c8","requestId":"9eee769b-436c-4e5e-ae2b-1d9a6cfd606b","service":"electronics-backend","statusCode":200,"timestamp":"2026-05-06 19:55:16.977"}
{"env":"dev","ip":"::1","level":"info","message":"Incoming request","method":"GET","path":"/api/products/69ce22e6dbcb43e1399be1c8","requestId":"34074ebe-fe1b-4e7e-ae7d-5b8c0bba1571","service":"electronics-backend","timestamp":"2026-05-06 20:02:08.114"}
{"duration":"613 ms","env":"dev","level":"info","message":"Request completed","path":"/api/products/69ce22e6dbcb43e1399be1c8","requestId":"34074ebe-fe1b-4e7e-ae7d-5b8c0bba1571","service":"electronics-backend","statusCode":200,"timestamp":"2026-05-06 20:02:08.727"}
{"env":"dev","ip":"::1","level":"info","message":"Incoming request","method":"POST","path":"/api/auth/login","requestId":"6ca81054-0490-4e4b-a75e-9dfed94a0136","service":"electronics-backend","timestamp":"2026-05-06 20:16:33.060"}
{"duration":"375 ms","env":"dev","level":"info","message":"Request completed","path":"/api/auth/login","requestId":"6ca81054-0490-4e4b-a75e-9dfed94a0136","service":"electronics-backend","statusCode":200,"timestamp":"2026-05-06 20:16:33.434"}
{"env":"dev","ip":"::1","level":"info","message":"Incoming request","method":"POST","path":"/api/reviews","requestId":"1052f436-7eb7-42b7-b99f-45543c034d62","service":"electronics-backend","timestamp":"2026-05-06 20:16:52.900"}
{"env":"dev","level":"error","message":"E11000 duplicate key error collection: v2.reviews index: user_1_product_1 dup key: { user: ObjectId('69cf60bfaa119ec382bc88cc'), product: ObjectId('69ce22e6dbcb43e1399be1c8') }","method":"POST","path":"/api/reviews","requestId":"1052f436-7eb7-42b7-b99f-45543c034d62","service":"electronics-backend","stack":"MongoServerError: E11000 duplicate key error collection: v2.reviews index: user_1_product_1 dup key: { user: ObjectId('69cf60bfaa119ec382bc88cc'), product: ObjectId('69ce22e6dbcb43e1399be1c8') }\n    at InsertOneOperation.handleOk (D:\\code\\e-commerce-website\\backend\\node_modules\\mongodb\\lib\\operations\\insert.js:51:19)\n    at tryOperation (D:\\code\\e-commerce-website\\backend\\node_modules\\mongodb\\lib\\operations\\execute_operation.js:216:34)\n    at process.processTicksAndRejections (node:internal/process/task_queues:104:5)\n    at async executeOperation (D:\\code\\e-commerce-website\\backend\\node_modules\\mongodb\\lib\\operations\\execute_operation.js:80:16)\n    at async Collection.insertOne (D:\\code\\e-commerce-website\\backend\\node_modules\\mongodb\\lib\\collection.js:154:16)\n    at async model.$__save (D:\\code\\e-commerce-website\\backend\\node_modules\\mongoose\\lib\\model.js:398:16)\n    at async model.save (D:\\code\\e-commerce-website\\backend\\node_modules\\mongoose\\lib\\model.js:609:5)\n    at async D:\\code\\e-commerce-website\\backend\\node_modules\\mongoose\\lib\\model.js:2714:9\n    at async Promise.all (index 0)\n    at async model.create (D:\\code\\e-commerce-website\\backend\\node_modules\\mongoose\\lib\\model.js:2699:11)","timestamp":"2026-05-06 20:16:53.547"}
{"duration":"650 ms","env":"dev","level":"warn","message":"Request completed","path":"/api/reviews","requestId":"1052f436-7eb7-42b7-b99f-45543c034d62","service":"electronics-backend","statusCode":400,"timestamp":"2026-05-06 20:16:53.549"}
{"env":"dev","ip":"::1","level":"info","message":"Incoming request","method":"POST","path":"/api/auth/login","requestId":"a9d00bfd-27c2-43c2-b532-c06612f8e4f5","service":"electronics-backend","timestamp":"2026-05-06 20:18:08.847"}
{"duration":"303 ms","env":"dev","level":"info","message":"Request completed","path":"/api/auth/login","requestId":"a9d00bfd-27c2-43c2-b532-c06612f8e4f5","service":"electronics-backend","statusCode":200,"timestamp":"2026-05-06 20:18:09.150"}
{"env":"dev","ip":"::1","level":"info","message":"Incoming request","method":"POST","path":"/api/reviews","requestId":"0d181b9d-01c5-45de-b1c4-b14b6fd9df3e","service":"electronics-backend","timestamp":"2026-05-06 20:18:14.741"}
{"env":"dev","level":"error","message":"E11000 duplicate key error collection: v2.reviews index: user_1_product_1 dup key: { user: ObjectId('69cf60bfaa119ec382bc88cc'), product: ObjectId('69ce22e6dbcb43e1399be1c8') }","method":"POST","path":"/api/reviews","requestId":"0d181b9d-01c5-45de-b1c4-b14b6fd9df3e","service":"electronics-backend","stack":"MongoServerError: E11000 duplicate key error collection: v2.reviews index: user_1_product_1 dup key: { user: ObjectId('69cf60bfaa119ec382bc88cc'), product: ObjectId('69ce22e6dbcb43e1399be1c8') }\n    at InsertOneOperation.handleOk (D:\\code\\e-commerce-website\\backend\\node_modules\\mongodb\\lib\\operations\\insert.js:51:19)\n    at tryOperation (D:\\code\\e-commerce-website\\backend\\node_modules\\mongodb\\lib\\operations\\execute_operation.js:216:34)\n    at process.processTicksAndRejections (node:internal/process/task_queues:104:5)\n    at async executeOperation (D:\\code\\e-commerce-website\\backend\\node_modules\\mongodb\\lib\\operations\\execute_operation.js:80:16)\n    at async Collection.insertOne (D:\\code\\e-commerce-website\\backend\\node_modules\\mongodb\\lib\\collection.js:154:16)\n    at async model.$__save (D:\\code\\e-commerce-website\\backend\\node_modules\\mongoose\\lib\\model.js:398:16)\n    at async model.save (D:\\code\\e-commerce-website\\backend\\node_modules\\mongoose\\lib\\model.js:609:5)\n    at async D:\\code\\e-commerce-website\\backend\\node_modules\\mongoose\\lib\\model.js:2714:9\n    at async Promise.all (index 0)\n    at async model.create (D:\\code\\e-commerce-website\\backend\\node_modules\\mongoose\\lib\\model.js:2699:11)","timestamp":"2026-05-06 20:18:15.391"}
{"duration":"651 ms","env":"dev","level":"warn","message":"Request completed","path":"/api/reviews","requestId":"0d181b9d-01c5-45de-b1c4-b14b6fd9df3e","service":"electronics-backend","statusCode":400,"timestamp":"2026-05-06 20:18:15.392"}
{"env":"dev","ip":"::1","level":"info","message":"Incoming request","method":"GET","path":"/api/products/69ce22e6dbcb43e1399be1c8","requestId":"3b19ecc7-2c08-4b81-8e10-4fe933af2527","service":"electronics-backend","timestamp":"2026-05-06 20:19:14.955"}
{"duration":"1002 ms","env":"dev","level":"info","message":"Request completed","path":"/api/products/69ce22e6dbcb43e1399be1c8","requestId":"3b19ecc7-2c08-4b81-8e10-4fe933af2527","service":"electronics-backend","statusCode":200,"timestamp":"2026-05-06 20:19:15.957"}
{"duration":"1002 ms","env":"dev","level":"warn","message":"Slow request","path":"/api/products/69ce22e6dbcb43e1399be1c8","service":"electronics-backend","timestamp":"2026-05-06 20:19:15.958"}
{"env":"dev","ip":"::1","level":"info","message":"Incoming request","method":"POST","path":"/api/auth/login","requestId":"1cc8c8d9-f14a-41b6-ab1d-e85987f1f2ad","service":"electronics-backend","timestamp":"2026-05-06 20:24:07.448"}
{"duration":"315 ms","env":"dev","level":"info","message":"Request completed","path":"/api/auth/login","requestId":"1cc8c8d9-f14a-41b6-ab1d-e85987f1f2ad","service":"electronics-backend","statusCode":200,"timestamp":"2026-05-06 20:24:07.762"}
{"env":"dev","ip":"::1","level":"info","message":"Incoming request","method":"GET","path":"/api/users/profile","requestId":"249abfb6-cfdf-46bf-be6c-ae3cf281c336","service":"electronics-backend","timestamp":"2026-05-06 20:27:01.805"}
{"duration":"232 ms","env":"dev","level":"info","message":"Request completed","path":"/api/users/profile","requestId":"249abfb6-cfdf-46bf-be6c-ae3cf281c336","service":"electronics-backend","statusCode":200,"timestamp":"2026-05-06 20:27:02.036"}
{"env":"dev","ip":"::1","level":"info","message":"Incoming request","method":"GET","path":"/api/users/profile","requestId":"b9baf862-daa9-4a2a-b50f-bb15b377ef5a","service":"electronics-backend","timestamp":"2026-05-06 20:30:54.266"}
{"env":"dev","level":"error","message":"req.user.select is not a function","method":"GET","path":"/api/users/profile","requestId":"b9baf862-daa9-4a2a-b50f-bb15b377ef5a","service":"electronics-backend","stack":"TypeError: req.user.select is not a function\n    at profile (file:///D:/code/e-commerce-website/backend/controllers/user.controller.js:24:45)\n    at Layer.handleRequest (D:\\code\\e-commerce-website\\backend\\node_modules\\router\\lib\\layer.js:152:17)\n    at next (D:\\code\\e-commerce-website\\backend\\node_modules\\router\\lib\\route.js:157:13)\n    at Route.dispatch (D:\\code\\e-commerce-website\\backend\\node_modules\\router\\lib\\route.js:117:3)\n    at handle (D:\\code\\e-commerce-website\\backend\\node_modules\\router\\index.js:435:11)\n    at Layer.handleRequest (D:\\code\\e-commerce-website\\backend\\node_modules\\router\\lib\\layer.js:152:17)\n    at D:\\code\\e-commerce-website\\backend\\node_modules\\router\\index.js:295:15\n    at processParams (D:\\code\\e-commerce-website\\backend\\node_modules\\router\\index.js:582:12)\n    at next (D:\\code\\e-commerce-website\\backend\\node_modules\\router\\index.js:291:5)\n    at protect (file:///D:/code/e-commerce-website/backend/middleware/auth.middleware.js:13:5)","timestamp":"2026-05-06 20:30:54.489"}
{"duration":"231 ms","env":"dev","level":"warn","message":"Request completed","path":"/api/users/profile","requestId":"b9baf862-daa9-4a2a-b50f-bb15b377ef5a","service":"electronics-backend","statusCode":500,"timestamp":"2026-05-06 20:30:54.496"}
{"env":"dev","ip":"::1","level":"info","message":"Incoming request","method":"GET","path":"/api/users/profile","requestId":"5b482f76-6cc4-4f0b-9704-4f5f0539fd61","service":"electronics-backend","timestamp":"2026-05-06 20:31:54.341"}
{"duration":"233 ms","env":"dev","level":"info","message":"Request completed","path":"/api/users/profile","requestId":"5b482f76-6cc4-4f0b-9704-4f5f0539fd61","service":"electronics-backend","statusCode":200,"timestamp":"2026-05-06 20:31:54.573"}
{"env":"dev","ip":"::1","level":"info","message":"Incoming request","method":"GET","path":"/api/users/profile","requestId":"7b8314eb-6461-4f29-9648-7b43e3914a87","service":"electronics-backend","timestamp":"2026-05-06 20:33:05.509"}
{"duration":"230 ms","env":"dev","level":"info","message":"Request completed","path":"/api/users/profile","requestId":"7b8314eb-6461-4f29-9648-7b43e3914a87","service":"electronics-backend","statusCode":200,"timestamp":"2026-05-06 20:33:05.738"}
{"env":"dev","ip":"::1","level":"info","message":"Incoming request","method":"GET","path":"/api/users/profile","requestId":"60456513-2e5c-4cbf-87c3-ac80f9f17ff4","service":"electronics-backend","timestamp":"2026-05-06 20:33:30.931"}
{"duration":"253 ms","env":"dev","level":"info","message":"Request completed","path":"/api/users/profile","requestId":"60456513-2e5c-4cbf-87c3-ac80f9f17ff4","service":"electronics-backend","statusCode":200,"timestamp":"2026-05-06 20:33:31.183"}
{"env":"dev","ip":"::1","level":"info","message":"Incoming request","method":"GET","path":"/api/users/profile","requestId":"540e38be-cc19-4f25-bfc8-dfc61f46c6e7","service":"electronics-backend","timestamp":"2026-05-06 20:42:28.255"}
{"duration":"3990 ms","env":"dev","level":"info","message":"Request completed","path":"/api/users/profile","requestId":"540e38be-cc19-4f25-bfc8-dfc61f46c6e7","service":"electronics-backend","statusCode":200,"timestamp":"2026-05-06 20:42:32.244"}
{"duration":"3990 ms","env":"dev","level":"warn","message":"Slow request","path":"/api/users/profile","service":"electronics-backend","timestamp":"2026-05-06 20:42:32.245"}
{"env":"dev","ip":"::1","level":"info","message":"Incoming request","method":"GET","path":"/api/users/profile","requestId":"5531c551-3cdb-4049-8e63-e3ed0525026f","service":"electronics-backend","timestamp":"2026-05-06 20:42:47.105"}
{"duration":"191 ms","env":"dev","level":"info","message":"Request completed","path":"/api/users/profile","requestId":"5531c551-3cdb-4049-8e63-e3ed0525026f","service":"electronics-backend","statusCode":200,"timestamp":"2026-05-06 20:42:47.296"}
{"env":"dev","ip":"::1","level":"info","message":"Incoming request","method":"POST","path":"/api/auth/login","requestId":"18343b37-d170-4e18-8a54-ef8355af9768","service":"electronics-backend","timestamp":"2026-05-06 20:43:09.124"}
{"duration":"198 ms","env":"dev","level":"warn","message":"Request completed","path":"/api/auth/login","requestId":"18343b37-d170-4e18-8a54-ef8355af9768","service":"electronics-backend","statusCode":401,"timestamp":"2026-05-06 20:43:09.322"}
{"env":"dev","ip":"::1","level":"info","message":"Incoming request","method":"POST","path":"/api/auth/login","requestId":"9abdc614-b61b-427e-9741-513c0f5e9af0","service":"electronics-backend","timestamp":"2026-05-06 20:43:40.123"}
{"duration":"285 ms","env":"dev","level":"info","message":"Request completed","path":"/api/auth/login","requestId":"9abdc614-b61b-427e-9741-513c0f5e9af0","service":"electronics-backend","statusCode":200,"timestamp":"2026-05-06 20:43:40.408"}
{"env":"dev","ip":"::1","level":"info","message":"Incoming request","method":"GET","path":"/api/users/profile","requestId":"a5b6bb1e-c823-43e7-a88c-d584072a5222","service":"electronics-backend","timestamp":"2026-05-06 20:43:43.763"}
{"duration":"192 ms","env":"dev","level":"info","message":"Request completed","path":"/api/users/profile","requestId":"a5b6bb1e-c823-43e7-a88c-d584072a5222","service":"electronics-backend","statusCode":200,"timestamp":"2026-05-06 20:43:43.956"}
{"env":"dev","ip":"::1","level":"info","message":"Incoming request","method":"POST","path":"/api/reviews","requestId":"f5604019-5f36-4b38-844d-4673f763505b","service":"electronics-backend","timestamp":"2026-05-06 20:43:49.345"}
{"duration":"1498 ms","env":"dev","level":"info","message":"Request completed","path":"/api/reviews/","requestId":"f5604019-5f36-4b38-844d-4673f763505b","service":"electronics-backend","statusCode":201,"timestamp":"2026-05-06 20:43:50.843"}
{"duration":"1498 ms","env":"dev","level":"warn","message":"Slow request","path":"/api/reviews/","service":"electronics-backend","timestamp":"2026-05-06 20:43:50.844"}
{"env":"dev","ip":"::1","level":"info","message":"Incoming request","method":"GET","path":"/api/products/69ce22e6dbcb43e1399be1c8","requestId":"e0686266-572e-4f66-a954-aa3f1730da60","service":"electronics-backend","timestamp":"2026-05-06 20:44:00.193"}
{"duration":"616 ms","env":"dev","level":"info","message":"Request completed","path":"/api/products/69ce22e6dbcb43e1399be1c8","requestId":"e0686266-572e-4f66-a954-aa3f1730da60","service":"electronics-backend","statusCode":200,"timestamp":"2026-05-06 20:44:00.809"}
{"env":"dev","ip":"::1","level":"info","message":"Incoming request","method":"GET","path":"/api/users/profile","requestId":"5ac04d8c-af45-4e15-b2c3-720828c085a4","service":"electronics-backend","timestamp":"2026-05-06 20:47:13.554"}
{"duration":"7145 ms","env":"dev","level":"info","message":"Request completed","path":"/api/users/profile","requestId":"5ac04d8c-af45-4e15-b2c3-720828c085a4","service":"electronics-backend","statusCode":200,"timestamp":"2026-05-06 20:47:20.699"}
{"duration":"7145 ms","env":"dev","level":"warn","message":"Slow request","path":"/api/users/profile","service":"electronics-backend","timestamp":"2026-05-06 20:47:20.700"}
{"env":"dev","ip":"::1","level":"info","message":"Incoming request","method":"GET","path":"/api/products","requestId":"abe36bad-6776-4392-87d8-07f4b3f92e7e","service":"electronics-backend","timestamp":"2026-05-06 20:53:31.239"}
{"duration":"1562 ms","env":"dev","level":"info","message":"Request completed","path":"/api/products/","requestId":"abe36bad-6776-4392-87d8-07f4b3f92e7e","service":"electronics-backend","statusCode":200,"timestamp":"2026-05-06 20:53:32.800"}
{"duration":"1562 ms","env":"dev","level":"warn","message":"Slow request","path":"/api/products/","service":"electronics-backend","timestamp":"2026-05-06 20:53:32.801"}
{"env":"dev","ip":"::1","level":"info","message":"Incoming request","method":"GET","path":"/api/products/69ce22e6dbcb43e1399be1c8","requestId":"b877991a-b956-4d8a-8f67-5a62d06cc6a7","service":"electronics-backend","timestamp":"2026-05-06 20:53:38.736"}
{"duration":"691 ms","env":"dev","level":"info","message":"Request completed","path":"/api/products/69ce22e6dbcb43e1399be1c8","requestId":"b877991a-b956-4d8a-8f67-5a62d06cc6a7","service":"electronics-backend","statusCode":200,"timestamp":"2026-05-06 20:53:39.427"}
{"env":"dev","ip":"::1","level":"info","message":"Incoming request","method":"GET","path":"/api/users/profile","requestId":"25fb2e61-65ba-4671-b109-739c589c5d17","service":"electronics-backend","timestamp":"2026-05-06 21:12:03.902"}
{"duration":"242 ms","env":"dev","level":"info","message":"Request completed","path":"/api/users/profile","requestId":"25fb2e61-65ba-4671-b109-739c589c5d17","service":"electronics-backend","statusCode":200,"timestamp":"2026-05-06 21:12:04.143"}
{"env":"dev","ip":"::1","level":"info","message":"Incoming request","method":"GET","path":"/api/products/69ce22e6dbcb43e1399be1c8","requestId":"0f816e3d-02bd-474d-8478-984117fff66f","service":"electronics-backend","timestamp":"2026-05-06 21:12:09.159"}
{"duration":"2122 ms","env":"dev","level":"info","message":"Request completed","path":"/api/products/69ce22e6dbcb43e1399be1c8","requestId":"0f816e3d-02bd-474d-8478-984117fff66f","service":"electronics-backend","statusCode":200,"timestamp":"2026-05-06 21:12:11.281"}
{"duration":"2122 ms","env":"dev","level":"warn","message":"Slow request","path":"/api/products/69ce22e6dbcb43e1399be1c8","service":"electronics-backend","timestamp":"2026-05-06 21:12:11.282"}
{"env":"dev","ip":"::1","level":"info","message":"Incoming request","method":"POST","path":"/api/auth/login","requestId":"e883ae28-01f9-4701-a860-1bdbe8c508a1","service":"electronics-backend","timestamp":"2026-05-06 21:12:39.504"}
{"duration":"306 ms","env":"dev","level":"info","message":"Request completed","path":"/api/auth/login","requestId":"e883ae28-01f9-4701-a860-1bdbe8c508a1","service":"electronics-backend","statusCode":200,"timestamp":"2026-05-06 21:12:39.810"}
{"env":"dev","ip":"::1","level":"info","message":"Incoming request","method":"GET","path":"/api/users/profile","requestId":"27a18a7a-bc09-4ebc-b211-5f93f520cef3","service":"electronics-backend","timestamp":"2026-05-06 21:12:42.902"}
{"duration":"204 ms","env":"dev","level":"info","message":"Request completed","path":"/api/users/profile","requestId":"27a18a7a-bc09-4ebc-b211-5f93f520cef3","service":"electronics-backend","statusCode":200,"timestamp":"2026-05-06 21:12:43.106"}
{"env":"dev","ip":"::1","level":"info","message":"Incoming request","method":"PATCH","path":"/api/reviews/69cf8ab0d2af3e761a9f7af5","requestId":"7afb55c8-1cf1-4918-8d66-f5995e8ee8fc","service":"electronics-backend","timestamp":"2026-05-06 21:13:29.468"}
{"duration":"909 ms","env":"dev","level":"info","message":"Request completed","path":"/api/reviews/69cf8ab0d2af3e761a9f7af5","requestId":"7afb55c8-1cf1-4918-8d66-f5995e8ee8fc","service":"electronics-backend","statusCode":200,"timestamp":"2026-05-06 21:13:30.377"}
{"env":"dev","ip":"::1","level":"info","message":"Incoming request","method":"GET","path":"/api/products/69ce22e6dbcb43e1399be1c8","requestId":"f172fc3f-e2b4-4dc5-8253-4900d09fa634","service":"electronics-backend","timestamp":"2026-05-06 21:13:36.881"}
{"duration":"795 ms","env":"dev","level":"info","message":"Request completed","path":"/api/products/69ce22e6dbcb43e1399be1c8","requestId":"f172fc3f-e2b4-4dc5-8253-4900d09fa634","service":"electronics-backend","statusCode":200,"timestamp":"2026-05-06 21:13:37.676"}
{"env":"dev","ip":"::1","level":"info","message":"Incoming request","method":"GET","path":"/api/products/69ce22e6dbcb43e1399be1c8","requestId":"ba5747ed-25a1-446e-a065-71f52cda418d","service":"electronics-backend","timestamp":"2026-05-06 21:39:21.121"}
{"duration":"604 ms","env":"dev","level":"info","message":"Request completed","path":"/api/products/69ce22e6dbcb43e1399be1c8","requestId":"ba5747ed-25a1-446e-a065-71f52cda418d","service":"electronics-backend","statusCode":200,"timestamp":"2026-05-06 21:39:21.723"}
{"env":"dev","ip":"::1","level":"info","message":"Incoming request","method":"GET","path":"/api/products","requestId":"27a8bb8f-fd60-46cd-a11f-7496643012c7","service":"electronics-backend","timestamp":"2026-05-06 21:40:09.973"}
{"duration":"227 ms","env":"dev","level":"info","message":"Request completed","path":"/api/products/","requestId":"27a8bb8f-fd60-46cd-a11f-7496643012c7","service":"electronics-backend","statusCode":200,"timestamp":"2026-05-06 21:40:10.200"}
{"env":"dev","ip":"::1","level":"info","message":"Incoming request","method":"GET","path":"/api/products","requestId":"88d73d2a-a769-4af3-b1d6-6d28612bdc4b","service":"electronics-backend","timestamp":"2026-05-06 21:40:24.174"}
{"duration":"220 ms","env":"dev","level":"info","message":"Request completed","path":"/api/products/","requestId":"88d73d2a-a769-4af3-b1d6-6d28612bdc4b","service":"electronics-backend","statusCode":200,"timestamp":"2026-05-06 21:40:24.394"}
{"env":"dev","ip":"::1","level":"info","message":"Incoming request","method":"GET","path":"/api/products/69c8e77a6ca909273dbe9889","requestId":"06a6e6af-6072-4e7f-9880-a1357a6d4516","service":"electronics-backend","timestamp":"2026-05-06 21:40:41.242"}
{"duration":"646 ms","env":"dev","level":"info","message":"Request completed","path":"/api/products/69c8e77a6ca909273dbe9889","requestId":"06a6e6af-6072-4e7f-9880-a1357a6d4516","service":"electronics-backend","statusCode":200,"timestamp":"2026-05-06 21:40:41.888"}
{"env":"dev","ip":"::1","level":"info","message":"Incoming request","method":"DELETE","path":"/api/admin/reviews","requestId":"65c34bcf-04ac-463a-8db7-807bd5411659","service":"electronics-backend","timestamp":"2026-05-06 21:41:00.320"}
{"env":"dev","errorCode":"FORBIDDEN","ip":"::1","level":"warn","message":"Operational Error","method":"DELETE","path":"/api/admin/reviews","requestId":"65c34bcf-04ac-463a-8db7-807bd5411659","service":"electronics-backend","timestamp":"2026-05-06 21:41:00.767","user":"69cf60bfaa119ec382bc88cc"}
{"duration":"449 ms","env":"dev","level":"warn","message":"Request completed","path":"/api/admin/reviews","requestId":"65c34bcf-04ac-463a-8db7-807bd5411659","service":"electronics-backend","statusCode":403,"timestamp":"2026-05-06 21:41:00.769"}
{"env":"dev","ip":"::1","level":"info","message":"Incoming request","method":"POST","path":"/api/auth/login","requestId":"0cac38f9-628f-4dae-bb29-c9d1e24d4d2b","service":"electronics-backend","timestamp":"2026-05-06 21:41:10.863"}
{"duration":"414 ms","env":"dev","level":"info","message":"Request completed","path":"/api/auth/login","requestId":"0cac38f9-628f-4dae-bb29-c9d1e24d4d2b","service":"electronics-backend","statusCode":200,"timestamp":"2026-05-06 21:41:11.277"}
{"env":"dev","ip":"::1","level":"info","message":"Incoming request","method":"DELETE","path":"/api/admin/reviews","requestId":"a5afec88-f4ec-45a1-9e64-6f4b508bea69","service":"electronics-backend","timestamp":"2026-05-06 21:41:15.033"}
{"env":"dev","level":"error","message":"Cannot read properties of undefined (reading 'catch')","method":"DELETE","path":"/api/admin/reviews","requestId":"a5afec88-f4ec-45a1-9e64-6f4b508bea69","service":"electronics-backend","stack":"TypeError: Cannot read properties of undefined (reading 'catch')\n    at file:///D:/code/e-commerce-website/backend/middleware/catchAsync.js:3:27\n    at Layer.handleRequest (D:\\code\\e-commerce-website\\backend\\node_modules\\router\\lib\\layer.js:152:17)\n    at trimPrefix (D:\\code\\e-commerce-website\\backend\\node_modules\\router\\index.js:342:13)\n    at D:\\code\\e-commerce-website\\backend\\node_modules\\router\\index.js:297:9\n    at processParams (D:\\code\\e-commerce-website\\backend\\node_modules\\router\\index.js:582:12)\n    at next (D:\\code\\e-commerce-website\\backend\\node_modules\\router\\index.js:291:5)\n    at protect (file:///D:/code/e-commerce-website/backend/middleware/auth.middleware.js:13:5)\n    at process.processTicksAndRejections (node:internal/process/task_queues:104:5)","timestamp":"2026-05-06 21:41:15.263"}
{"duration":"234 ms","env":"dev","level":"warn","message":"Request completed","path":"/api/admin/reviews","requestId":"a5afec88-f4ec-45a1-9e64-6f4b508bea69","service":"electronics-backend","statusCode":500,"timestamp":"2026-05-06 21:41:15.267"}
{"env":"dev","ip":"::1","level":"info","message":"Incoming request","method":"DELETE","path":"/api/admin/reviews","requestId":"a1657c03-9ae7-4310-93aa-bbe20f1eba87","service":"electronics-backend","timestamp":"2026-05-06 21:43:34.714"}
{"env":"dev","level":"error","message":"Cannot read properties of undefined (reading 'catch')","method":"DELETE","path":"/api/admin/reviews","requestId":"a1657c03-9ae7-4310-93aa-bbe20f1eba87","service":"electronics-backend","stack":"TypeError: Cannot read properties of undefined (reading 'catch')\n    at file:///D:/code/e-commerce-website/backend/middleware/catchAsync.js:3:27\n    at Layer.handleRequest (D:\\code\\e-commerce-website\\backend\\node_modules\\router\\lib\\layer.js:152:17)\n    at trimPrefix (D:\\code\\e-commerce-website\\backend\\node_modules\\router\\index.js:342:13)\n    at D:\\code\\e-commerce-website\\backend\\node_modules\\router\\index.js:297:9\n    at processParams (D:\\code\\e-commerce-website\\backend\\node_modules\\router\\index.js:582:12)\n    at next (D:\\code\\e-commerce-website\\backend\\node_modules\\router\\index.js:291:5)\n    at protect (file:///D:/code/e-commerce-website/backend/middleware/auth.middleware.js:13:5)\n    at process.processTicksAndRejections (node:internal/process/task_queues:104:5)","timestamp":"2026-05-06 21:43:34.947"}
{"duration":"238 ms","env":"dev","level":"warn","message":"Request completed","path":"/api/admin/reviews","requestId":"a1657c03-9ae7-4310-93aa-bbe20f1eba87","service":"electronics-backend","statusCode":500,"timestamp":"2026-05-06 21:43:34.951"}
{"env":"dev","ip":"::1","level":"info","message":"Incoming request","method":"DELETE","path":"/api/admin/reviews","requestId":"d87fbf95-1ce3-4d87-961a-64c8ecd4e625","service":"electronics-backend","timestamp":"2026-05-06 21:45:47.813"}
{"env":"dev","level":"error","message":"Cannot read properties of undefined (reading 'catch')","method":"DELETE","path":"/api/admin/reviews","requestId":"d87fbf95-1ce3-4d87-961a-64c8ecd4e625","service":"electronics-backend","stack":"TypeError: Cannot read properties of undefined (reading 'catch')\n    at file:///D:/code/e-commerce-website/backend/middleware/catchAsync.js:3:27\n    at Layer.handleRequest (D:\\code\\e-commerce-website\\backend\\node_modules\\router\\lib\\layer.js:152:17)\n    at trimPrefix (D:\\code\\e-commerce-website\\backend\\node_modules\\router\\index.js:342:13)\n    at D:\\code\\e-commerce-website\\backend\\node_modules\\router\\index.js:297:9\n    at processParams (D:\\code\\e-commerce-website\\backend\\node_modules\\router\\index.js:582:12)\n    at next (D:\\code\\e-commerce-website\\backend\\node_modules\\router\\index.js:291:5)\n    at protect (file:///D:/code/e-commerce-website/backend/middleware/auth.middleware.js:13:5)\n    at process.processTicksAndRejections (node:internal/process/task_queues:104:5)","timestamp":"2026-05-06 21:45:48.049"}
{"duration":"240 ms","env":"dev","level":"warn","message":"Request completed","path":"/api/admin/reviews","requestId":"d87fbf95-1ce3-4d87-961a-64c8ecd4e625","service":"electronics-backend","statusCode":500,"timestamp":"2026-05-06 21:45:48.052"}
{"env":"dev","ip":"::1","level":"info","message":"Incoming request","method":"DELETE","path":"/api/admin/reviews","requestId":"1e2d3ff3-b6ed-44e5-82a1-d835af6132d5","service":"electronics-backend","timestamp":"2026-05-06 21:46:52.269"}
{"env":"dev","level":"error","message":"Cannot read properties of undefined (reading 'catch')","method":"DELETE","path":"/api/admin/reviews","requestId":"1e2d3ff3-b6ed-44e5-82a1-d835af6132d5","service":"electronics-backend","stack":"TypeError: Cannot read properties of undefined (reading 'catch')\n    at file:///D:/code/e-commerce-website/backend/middleware/catchAsync.js:3:27\n    at Layer.handleRequest (D:\\code\\e-commerce-website\\backend\\node_modules\\router\\lib\\layer.js:152:17)\n    at trimPrefix (D:\\code\\e-commerce-website\\backend\\node_modules\\router\\index.js:342:13)\n    at D:\\code\\e-commerce-website\\backend\\node_modules\\router\\index.js:297:9\n    at processParams (D:\\code\\e-commerce-website\\backend\\node_modules\\router\\index.js:582:12)\n    at next (D:\\code\\e-commerce-website\\backend\\node_modules\\router\\index.js:291:5)\n    at protect (file:///D:/code/e-commerce-website/backend/middleware/auth.middleware.js:13:5)\n    at process.processTicksAndRejections (node:internal/process/task_queues:104:5)","timestamp":"2026-05-06 21:46:52.497"}
{"duration":"232 ms","env":"dev","level":"warn","message":"Request completed","path":"/api/admin/reviews","requestId":"1e2d3ff3-b6ed-44e5-82a1-d835af6132d5","service":"electronics-backend","statusCode":500,"timestamp":"2026-05-06 21:46:52.500"}
{"env":"dev","ip":"::1","level":"info","message":"Incoming request","method":"DELETE","path":"/api/admin/reviews","requestId":"31a5a9c9-6e92-4eff-b128-f5fb3714a3b2","service":"electronics-backend","timestamp":"2026-05-06 21:47:50.187"}
{"duration":"252 ms","env":"dev","level":"info","message":"Request completed","path":"/api/admin/reviews","requestId":"31a5a9c9-6e92-4eff-b128-f5fb3714a3b2","service":"electronics-backend","statusCode":200,"timestamp":"2026-05-06 21:47:50.437"}
{"env":"dev","level":"error","message":"Cannot read properties of undefined (reading 'catch')","method":"DELETE","path":"/api/admin/reviews","requestId":"31a5a9c9-6e92-4eff-b128-f5fb3714a3b2","service":"electronics-backend","stack":"TypeError: Cannot read properties of undefined (reading 'catch')\n    at file:///D:/code/e-commerce-website/backend/middleware/catchAsync.js:3:27\n    at Layer.handleRequest (D:\\code\\e-commerce-website\\backend\\node_modules\\router\\lib\\layer.js:152:17)\n    at trimPrefix (D:\\code\\e-commerce-website\\backend\\node_modules\\router\\index.js:342:13)\n    at D:\\code\\e-commerce-website\\backend\\node_modules\\router\\index.js:297:9\n    at processParams (D:\\code\\e-commerce-website\\backend\\node_modules\\router\\index.js:582:12)\n    at next (D:\\code\\e-commerce-website\\backend\\node_modules\\router\\index.js:291:5)\n    at protect (file:///D:/code/e-commerce-website/backend/middleware/auth.middleware.js:13:5)\n    at process.processTicksAndRejections (node:internal/process/task_queues:104:5)","timestamp":"2026-05-06 21:47:50.438"}
{"env":"dev","ip":"::1","level":"info","message":"Incoming request","method":"DELETE","path":"/api/admin/reviews","requestId":"99901188-19f1-4b37-8134-93d6a334e9d8","service":"electronics-backend","timestamp":"2026-05-06 21:48:34.157"}
{"env":"dev","level":"error","message":"Cannot read properties of undefined (reading 'catch')","method":"DELETE","path":"/api/admin/reviews","requestId":"99901188-19f1-4b37-8134-93d6a334e9d8","service":"electronics-backend","stack":"TypeError: Cannot read properties of undefined (reading 'catch')\n    at file:///D:/code/e-commerce-website/backend/middleware/catchAsync.js:3:27\n    at Layer.handleRequest (D:\\code\\e-commerce-website\\backend\\node_modules\\router\\lib\\layer.js:152:17)\n    at trimPrefix (D:\\code\\e-commerce-website\\backend\\node_modules\\router\\index.js:342:13)\n    at D:\\code\\e-commerce-website\\backend\\node_modules\\router\\index.js:297:9\n    at processParams (D:\\code\\e-commerce-website\\backend\\node_modules\\router\\index.js:582:12)\n    at next (D:\\code\\e-commerce-website\\backend\\node_modules\\router\\index.js:291:5)\n    at protect (file:///D:/code/e-commerce-website/backend/middleware/auth.middleware.js:13:5)\n    at process.processTicksAndRejections (node:internal/process/task_queues:104:5)","timestamp":"2026-05-06 21:48:34.389"}
{"duration":"238 ms","env":"dev","level":"warn","message":"Request completed","path":"/api/admin/reviews","requestId":"99901188-19f1-4b37-8134-93d6a334e9d8","service":"electronics-backend","statusCode":500,"timestamp":"2026-05-06 21:48:34.394"}
{"env":"dev","ip":"::1","level":"info","message":"Incoming request","method":"DELETE","path":"/api/admin/reviews","requestId":"2449c8d2-b784-4254-bcf1-b18793707dd8","service":"electronics-backend","timestamp":"2026-05-06 21:54:25.539"}
{"env":"dev","level":"error","message":"Cannot read properties of undefined (reading 'catch')","method":"DELETE","path":"/api/admin/reviews","requestId":"2449c8d2-b784-4254-bcf1-b18793707dd8","service":"electronics-backend","stack":"TypeError: Cannot read properties of undefined (reading 'catch')\n    at file:///D:/code/e-commerce-website/backend/middleware/catchAsync.js:3:23\n    at Layer.handleRequest (D:\\code\\e-commerce-website\\backend\\node_modules\\router\\lib\\layer.js:152:17)\n    at trimPrefix (D:\\code\\e-commerce-website\\backend\\node_modules\\router\\index.js:342:13)\n    at D:\\code\\e-commerce-website\\backend\\node_modules\\router\\index.js:297:9\n    at processParams (D:\\code\\e-commerce-website\\backend\\node_modules\\router\\index.js:582:12)\n    at next (D:\\code\\e-commerce-website\\backend\\node_modules\\router\\index.js:291:5)\n    at protect (file:///D:/code/e-commerce-website/backend/middleware/auth.middleware.js:13:5)\n    at process.processTicksAndRejections (node:internal/process/task_queues:104:5)","timestamp":"2026-05-06 21:54:25.775"}
{"duration":"241 ms","env":"dev","level":"warn","message":"Request completed","path":"/api/admin/reviews","requestId":"2449c8d2-b784-4254-bcf1-b18793707dd8","service":"electronics-backend","statusCode":500,"timestamp":"2026-05-06 21:54:25.779"}
{"env":"dev","ip":"::1","level":"info","message":"Incoming request","method":"DELETE","path":"/api/admin/reviews","requestId":"846264f9-033f-4e63-8b6e-dedbd386d7c7","service":"electronics-backend","timestamp":"2026-05-06 22:03:08.844"}
{"env":"dev","level":"error","message":"Cannot read properties of undefined (reading 'catch')","method":"DELETE","path":"/api/admin/reviews","requestId":"846264f9-033f-4e63-8b6e-dedbd386d7c7","service":"electronics-backend","stack":"TypeError: Cannot read properties of undefined (reading 'catch')\n    at file:///D:/code/e-commerce-website/backend/middleware/catchAsync.js:3:23\n    at Layer.handleRequest (D:\\code\\e-commerce-website\\backend\\node_modules\\router\\lib\\layer.js:152:17)\n    at trimPrefix (D:\\code\\e-commerce-website\\backend\\node_modules\\router\\index.js:342:13)\n    at D:\\code\\e-commerce-website\\backend\\node_modules\\router\\index.js:297:9\n    at processParams (D:\\code\\e-commerce-website\\backend\\node_modules\\router\\index.js:582:12)\n    at next (D:\\code\\e-commerce-website\\backend\\node_modules\\router\\index.js:291:5)\n    at protect (file:///D:/code/e-commerce-website/backend/middleware/auth.middleware.js:13:5)\n    at process.processTicksAndRejections (node:internal/process/task_queues:104:5)","timestamp":"2026-05-06 22:03:09.080"}
{"duration":"241 ms","env":"dev","level":"warn","message":"Request completed","path":"/api/admin/reviews","requestId":"846264f9-033f-4e63-8b6e-dedbd386d7c7","service":"electronics-backend","statusCode":500,"timestamp":"2026-05-06 22:03:09.084"}
{"env":"dev","ip":"::1","level":"info","message":"Incoming request","method":"DELETE","path":"/api/admin/reviews","requestId":"28629f20-5f1f-4c1e-abb3-abc531b2d8c1","service":"electronics-backend","timestamp":"2026-05-06 22:11:56.276"}
{"env":"dev","level":"error","message":"Cannot read properties of undefined (reading 'catch')","method":"DELETE","path":"/api/admin/reviews","requestId":"28629f20-5f1f-4c1e-abb3-abc531b2d8c1","service":"electronics-backend","stack":"TypeError: Cannot read properties of undefined (reading 'catch')\n    at file:///D:/code/e-commerce-website/backend/middleware/catchAsync.js:3:23\n    at Layer.handleRequest (D:\\code\\e-commerce-website\\backend\\node_modules\\router\\lib\\layer.js:152:17)\n    at trimPrefix (D:\\code\\e-commerce-website\\backend\\node_modules\\router\\index.js:342:13)\n    at D:\\code\\e-commerce-website\\backend\\node_modules\\router\\index.js:297:9\n    at processParams (D:\\code\\e-commerce-website\\backend\\node_modules\\router\\index.js:582:12)\n    at next (D:\\code\\e-commerce-website\\backend\\node_modules\\router\\index.js:291:5)\n    at protect (file:///D:/code/e-commerce-website/backend/middleware/auth.middleware.js:13:12)\n    at process.processTicksAndRejections (node:internal/process/task_queues:104:5)","timestamp":"2026-05-06 22:11:56.516"}
{"duration":"246 ms","env":"dev","level":"warn","message":"Request completed","path":"/api/admin/reviews","requestId":"28629f20-5f1f-4c1e-abb3-abc531b2d8c1","service":"electronics-backend","statusCode":500,"timestamp":"2026-05-06 22:11:56.522"}
{"env":"dev","ip":"::1","level":"info","message":"Incoming request","method":"DELETE","path":"/api/admin/reviews","requestId":"3406873a-4737-41c8-8353-142ad8d8fded","service":"electronics-backend","timestamp":"2026-05-06 22:26:40.755"}
{"env":"dev","errorCode":"NOT_FOUND","ip":"::1","level":"warn","message":"Operational Error","method":"DELETE","path":"/api/admin/reviews","requestId":"3406873a-4737-41c8-8353-142ad8d8fded","service":"electronics-backend","timestamp":"2026-05-06 22:26:41.166","user":"69993d8bb04710785ae805cc"}
{"duration":"415 ms","env":"dev","level":"warn","message":"Request completed","path":"/api/admin/reviews","requestId":"3406873a-4737-41c8-8353-142ad8d8fded","service":"electronics-backend","statusCode":404,"timestamp":"2026-05-06 22:26:41.169"}
{"env":"dev","ip":"::1","level":"info","message":"Incoming request","method":"DELETE","path":"/api/admin/reviews","requestId":"c51fd779-ff5c-4da7-af24-75137bc182c7","service":"electronics-backend","timestamp":"2026-05-06 22:28:39.590"}
{"env":"dev","errorCode":"NOT_FOUND","ip":"::1","level":"warn","message":"Operational Error","method":"DELETE","path":"/api/admin/reviews","requestId":"c51fd779-ff5c-4da7-af24-75137bc182c7","service":"electronics-backend","timestamp":"2026-05-06 22:28:39.998","user":"69993d8bb04710785ae805cc"}
{"duration":"410 ms","env":"dev","level":"warn","message":"Request completed","path":"/api/admin/reviews","requestId":"c51fd779-ff5c-4da7-af24-75137bc182c7","service":"electronics-backend","statusCode":404,"timestamp":"2026-05-06 22:28:40.000"}
{"env":"dev","ip":"::1","level":"info","message":"Incoming request","method":"DELETE","path":"/api/admin/reviews","requestId":"b77cb7a5-58d4-4bd6-8ad4-c6be7c9b7a78","service":"electronics-backend","timestamp":"2026-05-06 22:32:12.199"}
{"env":"dev","errorCode":"NOT_FOUND","ip":"::1","level":"warn","message":"Operational Error","method":"DELETE","path":"/api/admin/reviews","requestId":"b77cb7a5-58d4-4bd6-8ad4-c6be7c9b7a78","service":"electronics-backend","timestamp":"2026-05-06 22:32:12.635","user":"69993d8bb04710785ae805cc"}
{"duration":"441 ms","env":"dev","level":"warn","message":"Request completed","path":"/api/admin/reviews","requestId":"b77cb7a5-58d4-4bd6-8ad4-c6be7c9b7a78","service":"electronics-backend","statusCode":404,"timestamp":"2026-05-06 22:32:12.639"}
{"env":"dev","ip":"::1","level":"info","message":"Incoming request","method":"DELETE","path":"/api/admin/reviews","requestId":"1c32105a-1838-4aa5-a482-2a3dd9d2d757","service":"electronics-backend","timestamp":"2026-05-06 22:32:51.447"}
{"env":"dev","errorCode":"NOT_FOUND","ip":"::1","level":"warn","message":"Operational Error","method":"DELETE","path":"/api/admin/reviews","requestId":"1c32105a-1838-4aa5-a482-2a3dd9d2d757","service":"electronics-backend","timestamp":"2026-05-06 22:32:51.866","user":"69993d8bb04710785ae805cc"}
{"duration":"421 ms","env":"dev","level":"warn","message":"Request completed","path":"/api/admin/reviews","requestId":"1c32105a-1838-4aa5-a482-2a3dd9d2d757","service":"electronics-backend","statusCode":404,"timestamp":"2026-05-06 22:32:51.868"}
{"env":"dev","ip":"::1","level":"info","message":"Incoming request","method":"GET","path":"/api/products/69c8e77a6ca909273dbe9889","requestId":"121e3214-78b8-44e8-afed-77971a0e4e92","service":"electronics-backend","timestamp":"2026-05-06 22:32:57.833"}
{"duration":"582 ms","env":"dev","level":"info","message":"Request completed","path":"/api/products/69c8e77a6ca909273dbe9889","requestId":"121e3214-78b8-44e8-afed-77971a0e4e92","service":"electronics-backend","statusCode":200,"timestamp":"2026-05-06 22:32:58.415"}
{"env":"dev","ip":"::1","level":"info","message":"Incoming request","method":"GET","path":"/api/products/69ce22e6dbcb43e1399be1c8","requestId":"c832cfb0-99dc-4518-bc8b-0d9c233399c1","service":"electronics-backend","timestamp":"2026-05-06 22:33:18.353"}
{"duration":"629 ms","env":"dev","level":"info","message":"Request completed","path":"/api/products/69ce22e6dbcb43e1399be1c8","requestId":"c832cfb0-99dc-4518-bc8b-0d9c233399c1","service":"electronics-backend","statusCode":200,"timestamp":"2026-05-06 22:33:18.982"}
{"env":"dev","ip":"::1","level":"info","message":"Incoming request","method":"DELETE","path":"/api/admin/reviews","requestId":"5ef1032c-a57f-40f4-9a03-63473b8e26be","service":"electronics-backend","timestamp":"2026-05-06 22:33:56.035"}
{"duration":"565 ms","env":"dev","level":"info","message":"Request completed","path":"/api/admin/reviews","requestId":"5ef1032c-a57f-40f4-9a03-63473b8e26be","service":"electronics-backend","statusCode":200,"timestamp":"2026-05-06 22:33:56.600"}
{"env":"dev","ip":"::1","level":"info","message":"Incoming request","method":"DELETE","path":"/api/admin/reviews","requestId":"6de026dd-709f-4802-8f6a-3383a85726fa","service":"electronics-backend","timestamp":"2026-05-06 22:34:18.691"}
{"duration":"428 ms","env":"dev","level":"info","message":"Request completed","path":"/api/admin/reviews","requestId":"6de026dd-709f-4802-8f6a-3383a85726fa","service":"electronics-backend","statusCode":200,"timestamp":"2026-05-06 22:34:19.119"}
{"env":"dev","ip":"::1","level":"info","message":"Incoming request","method":"DELETE","path":"/api/admin/reviews","requestId":"dd389518-fc5f-472b-9865-d7fe1370c353","service":"electronics-backend","timestamp":"2026-05-06 22:37:09.010"}
{"duration":"443 ms","env":"dev","level":"info","message":"Request completed","path":"/api/admin/reviews","requestId":"dd389518-fc5f-472b-9865-d7fe1370c353","service":"electronics-backend","statusCode":200,"timestamp":"2026-05-06 22:37:09.454"}
{"env":"dev","ip":"::1","level":"info","message":"Incoming request","method":"DELETE","path":"/api/admin/reviews","requestId":"749ac964-77fe-40f6-b998-8731bf2f1eb4","service":"electronics-backend","timestamp":"2026-05-06 22:37:19.730"}
{"env":"dev","errorCode":"NOT_FOUND","ip":"::1","level":"warn","message":"Operational Error","method":"DELETE","path":"/api/admin/reviews","requestId":"749ac964-77fe-40f6-b998-8731bf2f1eb4","service":"electronics-backend","timestamp":"2026-05-06 22:37:20.165","user":"69993d8bb04710785ae805cc"}
{"duration":"437 ms","env":"dev","level":"warn","message":"Request completed","path":"/api/admin/reviews","requestId":"749ac964-77fe-40f6-b998-8731bf2f1eb4","service":"electronics-backend","statusCode":404,"timestamp":"2026-05-06 22:37:20.167"}
{"env":"dev","ip":"::1","level":"info","message":"Incoming request","method":"DELETE","path":"/api/admin/reviews","requestId":"8cbc7284-b18c-40f6-ad8a-e775989f28e5","service":"electronics-backend","timestamp":"2026-05-06 22:37:24.243"}
{"duration":"426 ms","env":"dev","level":"info","message":"Request completed","path":"/api/admin/reviews","requestId":"8cbc7284-b18c-40f6-ad8a-e775989f28e5","service":"electronics-backend","statusCode":200,"timestamp":"2026-05-06 22:37:24.669"}
{"env":"dev","ip":"::1","level":"info","message":"Incoming request","method":"DELETE","path":"/api/admin/reviews","requestId":"9bc47968-b9c3-4704-ac42-7a2e3c7bfc4c","service":"electronics-backend","timestamp":"2026-05-06 22:47:09.307"}
{"env":"dev","level":"error","message":"result.map is not a function","method":"DELETE","path":"/api/admin/reviews","requestId":"9bc47968-b9c3-4704-ac42-7a2e3c7bfc4c","service":"electronics-backend","stack":"TypeError: result.map is not a function\n    at bulkDeleteReviews (file:///D:/code/e-commerce-website/backend/controllers/admin/review.js:34:49)\n    at process.processTicksAndRejections (node:internal/process/task_queues:104:5)","timestamp":"2026-05-06 22:47:09.748"}
{"duration":"446 ms","env":"dev","level":"warn","message":"Request completed","path":"/api/admin/reviews","requestId":"9bc47968-b9c3-4704-ac42-7a2e3c7bfc4c","service":"electronics-backend","statusCode":500,"timestamp":"2026-05-06 22:47:09.752"}
{"env":"dev","ip":"::1","level":"info","message":"Incoming request","method":"GET","path":"/api/products/69ce22e6dbcb43e1399be1c8","requestId":"0c639a68-ff4f-4078-8362-ffa92fe96c12","service":"electronics-backend","timestamp":"2026-05-06 22:47:21.340"}
{"duration":"438 ms","env":"dev","level":"info","message":"Request completed","path":"/api/products/69ce22e6dbcb43e1399be1c8","requestId":"0c639a68-ff4f-4078-8362-ffa92fe96c12","service":"electronics-backend","statusCode":200,"timestamp":"2026-05-06 22:47:21.778"}
{"env":"dev","ip":"::1","level":"info","message":"Incoming request","method":"GET","path":"/api/products/69a5a868abc2fc9f07641627","requestId":"afcc84bb-f587-44e8-8eba-55856424661d","service":"electronics-backend","timestamp":"2026-05-06 22:49:51.726"}
{"duration":"411 ms","env":"dev","level":"info","message":"Request completed","path":"/api/products/69a5a868abc2fc9f07641627","requestId":"afcc84bb-f587-44e8-8eba-55856424661d","service":"electronics-backend","statusCode":200,"timestamp":"2026-05-06 22:49:52.136"}
{"env":"dev","ip":"::1","level":"info","message":"Incoming request","method":"GET","path":"/api/products/69a5a790abc2fc9f07641624","requestId":"965c3f5f-d4a9-47e0-ac59-44a4cbfa9824","service":"electronics-backend","timestamp":"2026-05-06 22:50:05.419"}
{"duration":"604 ms","env":"dev","level":"info","message":"Request completed","path":"/api/products/69a5a790abc2fc9f07641624","requestId":"965c3f5f-d4a9-47e0-ac59-44a4cbfa9824","service":"electronics-backend","statusCode":200,"timestamp":"2026-05-06 22:50:06.023"}
{"env":"dev","ip":"::1","level":"info","message":"Incoming request","method":"DELETE","path":"/api/admin/reviews","requestId":"168aebae-3f58-43fd-a88a-f61ad2f25878","service":"electronics-backend","timestamp":"2026-05-06 22:50:29.276"}
{"duration":"665 ms","env":"dev","level":"info","message":"Request completed","path":"/api/admin/reviews","requestId":"168aebae-3f58-43fd-a88a-f61ad2f25878","service":"electronics-backend","statusCode":200,"timestamp":"2026-05-06 22:50:29.941"}
